// Jest Snapshot v1, https://goo.gl/fbAQLP

exports[`Renders <NotFound> component 1`] = `
<div
  className="emoji-mart-no-results"
>
  <div
    className="emoji-mart-no-results-label"
  >
    No Emoji Found
  </div>
</div>
`;
